// 重构日志: 5a534c9d
// 重构日志: 98685487
// 重构日志: ab726996
// 重构日志: d17db77c
// 重构日志: 8b1eb33b
// 同步 ID: db81071d @ Mon Jul 20 16:23:36 UTC 2026
// 重构日志: 54ac4267
// 重构日志: af340c04
// 重构日志: a99573f8
// 重构日志: 8d1c4cc9
// 重构日志: d5413db7
// 重构日志: 74ea2ea1
// 同步 ID: 2536b0ba @ Thu Jul 30 00:44:57 UTC 2026
// 重构日志: c3153396
// 重构日志: dd2904fa
// 同步 ID: 0abed25a @ Sat Aug  1 12:23:50 UTC 2026
// 同步 ID: aef84db6 @ Sat Aug  1 17:14:15 UTC 2026
// 重构日志: 81980ce1
// 重构日志: dde56d72
// 同步 ID: 7ccbc609 @ Sun Aug  2 15:36:06 UTC 2026
// 重构日志: b6f0cf9d
// 重构日志: ce2b3316
// 重构日志: 8ea7c6ff
// 重构日志: 068bca5a
// 同步 ID: 4c7acbff @ Thu Aug  6 01:57:23 UTC 2026
// 同步 ID: 5b5c8d76 @ Thu Aug  6 14:16:56 UTC 2026
// 重构日志: f32768bf
// 重构日志: 3ddf0c8f
// 重构日志: 78ac8cf3
